
> beacon-boys-event-check-in@1.0.0 desktop:build
> npm run build && electron-builder --win msi --x64 --publish never


> beacon-boys-event-check-in@1.0.0 build
> vite build

[36mvite v8.3.0 [32mbuilding client environment for production...[36m[39m
transforming...
✓ 1864 modules transformed.
rendering chunks...
computing gzip size...
dist/index.html                   0.47 kB │ gzip:  0.31 kB
dist/assets/index-C6iEl832.css   50.23 kB │ gzip: 10.36 kB
dist/assets/index-BpWFDx6u.js   306.54 kB │ gzip: 92.07 kB

[32m✓ built in 409ms[39m
  • electron-builder  version=26.15.3 os=10.0.26100
  • loaded configuration  file=package.json ("build" field)
  • executing @electron/rebuild  electronVersion=44.3.0 arch=x64 buildFromSource=false workspaceRoot=D:\a\EVENT-QR-CODE-SCANNER-SOFTWARE\EVENT-QR-CODE-SCANNER-SOFTWARE projectDir=./ appDir=./
  • installing native dependencies  arch=x64
  • completed installing native dependencies
  • packaging       platform=win32 arch=x64 electron=44.3.0 appOutDir=release\win-unpacked
  • downloaded      label=electron progress=100%
  • downloaded electron zip extracted successfully  output=D:\a\EVENT-QR-CODE-SCANNER-SOFTWARE\EVENT-QR-CODE-SCANNER-SOFTWARE\release\win-unpacked
  • searching for node modules  pm=npm searchDir=D:\a\EVENT-QR-CODE-SCANNER-SOFTWARE\EVENT-QR-CODE-SCANNER-SOFTWARE
  • duplicate dependency references  dependencies=["vite@8.3.0"]
  • updating asar integrity executable resource  executablePath=release\win-unpacked\Beacon Boys Event Check-in.exe
  • executable resource editing and code signing skipped — signAndEditExecutable is false. To skip only code signing while keeping icon and metadata applied, use signExecutable: false instead.  exe=release\win-unpacked\Beacon Boys Event Check-in.exe
  • building        target=MSI arch=x64 file=release\Beacon-Boys-Event-Check-in-1.0.0-Setup.msi
  ⨯ Icon must be at least 256x256 pixels, provided: 64x64  failedTask=build stackTrace=Error: Icon must be at least 256x256 pixels, provided: 64x64
    at doConvertIcon (D:\a\EVENT-QR-CODE-SCANNER-SOFTWARE\EVENT-QR-CODE-SCANNER-SOFTWARE\node_modules\app-builder-lib\src\util\iconConverter.ts:247:15)
    at convertIcon (D:\a\EVENT-QR-CODE-SCANNER-SOFTWARE\EVENT-QR-CODE-SCANNER-SOFTWARE\node_modules\app-builder-lib\src\util\iconConverter.ts:42:15)
    at WinPackager.resolveIcon (D:\a\EVENT-QR-CODE-SCANNER-SOFTWARE\EVENT-QR-CODE-SCANNER-SOFTWARE\node_modules\app-builder-lib\src\platformPackager.ts:863:20)
    at WinPackager.getOrConvertIcon (D:\a\EVENT-QR-CODE-SCANNER-SOFTWARE\EVENT-QR-CODE-SCANNER-SOFTWARE\node_modules\app-builder-lib\src\platformPackager.ts:835:20)
    at MsiTarget.getBaseOptions (D:\a\EVENT-QR-CODE-SCANNER-SOFTWARE\EVENT-QR-CODE-SCANNER-SOFTWARE\node_modules\app-builder-lib\src\targets\MsiTarget.ts:189:22)
    at MsiTarget.writeManifest (D:\a\EVENT-QR-CODE-SCANNER-SOFTWARE\EVENT-QR-CODE-SCANNER-SOFTWARE\node_modules\app-builder-lib\src\targets\MsiTarget.ts:175:11)
    at MsiTarget.build (D:\a\EVENT-QR-CODE-SCANNER-SOFTWARE\EVENT-QR-CODE-SCANNER-SOFTWARE\node_modules\app-builder-lib\src\targets\MsiTarget.ts:85:34)
    at async Promise.all (index 0)
    at AsyncTaskManager.awaitTasks (D:\a\EVENT-QR-CODE-SCANNER-SOFTWARE\EVENT-QR-CODE-SCANNER-SOFTWARE\node_modules\builder-util\src\asyncTaskManager.ts:65:25)
    at Packager.doBuild (D:\a\EVENT-QR-CODE-SCANNER-SOFTWARE\EVENT-QR-CODE-SCANNER-SOFTWARE\node_modules\app-builder-lib\src\packager.ts:556:5)
    at executeFinally (D:\a\EVENT-QR-CODE-SCANNER-SOFTWARE\EVENT-QR-CODE-SCANNER-SOFTWARE\node_modules\builder-util\src\promise.ts:12:14)
    at Packager.build (D:\a\EVENT-QR-CODE-SCANNER-SOFTWARE\EVENT-QR-CODE-SCANNER-SOFTWARE\node_modules\app-builder-lib\src\packager.ts:450:31)
    at executeFinally (D:\a\EVENT-QR-CODE-SCANNER-SOFTWARE\EVENT-QR-CODE-SCANNER-SOFTWARE\node_modules\builder-util\src\promise.ts:12:14)
